[phenixthemes.com/frontdemo/animtora/index.html]
[backblue.gif]
[fade.gif]
[index.html]
[phenixthemes.com/frontdemo/animtora/img/screenshot.png]
[phenixthemes.com/frontdemo/animtora/img/fevicon.png]
[phenixthemes.com/frontdemo/animtora/img/logo.png]
[phenixthemes.com/frontdemo/animtora/anime-stream.html]
[phenixthemes.com/frontdemo/animtora/login.html]
[phenixthemes.com/frontdemo/animtora/register.html]
[phenixthemes.com/frontdemo/animtora/img/logo-colored.png]
[phenixthemes.com/frontdemo/animtora/index-2.html]
[phenixthemes.com/frontdemo/animtora/anime-list.html]
[phenixthemes.com/frontdemo/animtora/manga-list.html]
[phenixthemes.com/frontdemo/animtora/anime-ova.html]
[phenixthemes.com/frontdemo/animtora/anime-movies.html]
[phenixthemes.com/frontdemo/animtora/forums.html]
[phenixthemes.com/frontdemo/animtora/blog.html]
[phenixthemes.com/frontdemo/animtora/contact-us.html]
[phenixthemes.com/frontdemo/animtora/img/image-1.png]
[phenixthemes.com/frontdemo/animtora/anime-details.html]
[phenixthemes.com/frontdemo/animtora/img/image-2.png]
[phenixthemes.com/frontdemo/animtora/img/image-3.png]
[phenixthemes.com/frontdemo/animtora/img/image-4.png]
[phenixthemes.com/frontdemo/animtora/img/image-5.png]
[phenixthemes.com/frontdemo/animtora/img/image-6.png]
[phenixthemes.com/frontdemo/animtora/img/image-7.png]
[phenixthemes.com/frontdemo/animtora/img/image-8.png]
[phenixthemes.com/frontdemo/animtora/manga-read.html]
[phenixthemes.com/frontdemo/animtora/img/image-10.png]
[phenixthemes.com/frontdemo/animtora/manga-details.html]
[phenixthemes.com/frontdemo/animtora/img/image-9.png]
[phenixthemes.com/frontdemo/animtora/img/image-11.png]
[phenixthemes.com/frontdemo/animtora/img/image-12.png]
[phenixthemes.com/frontdemo/animtora/img/image-13.png]
[phenixthemes.com/frontdemo/animtora/img/image-14.png]
[phenixthemes.com/frontdemo/animtora/blog-details.html]
[phenixthemes.com/frontdemo/animtora/img/blog-1.png]
[phenixthemes.com/frontdemo/animtora/img/blog-2.png]
[phenixthemes.com/frontdemo/animtora/img/blog-3.png]
[phenixthemes.com/frontdemo/animtora/img/image-09.png]
[phenixthemes.com/frontdemo/animtora/img/banner.png]
[phenixthemes.com/frontdemo/animtora/img/flash.png]
[phenixthemes.com/frontdemo/animtora/js/tornado.min.js]
[phenixthemes.com/frontdemo/animtora/index.html]
[phenixthemes.com/frontdemo/animtora/fonts/tornado-icons.woff2]
[phenixthemes.com/frontdemo/animtora/css/tornado-icons.css]
[phenixthemes.com/frontdemo/animtora/img/pattren-top.png]
[phenixthemes.com/frontdemo/animtora/img/pattren-2.png]
[phenixthemes.com/frontdemo/animtora/img/cbg.png]
[phenixthemes.com/frontdemo/animtora/img/footer.png]
[phenixthemes.com/frontdemo/animtora/css/tornado.css]
[phenixthemes.com/frontdemo/animtora/count-down.html]
[phenixthemes.com/frontdemo/animtora/img/video-image.png]
[phenixthemes.com/frontdemo/animtora/img/avatar.png]
[phenixthemes.com/frontdemo/animtora/img/avatar-2.png]
[phenixthemes.com/frontdemo/animtora/img/avatar-3.png]
[phenixthemes.com/frontdemo/animtora/js/fakeScroll.js]
[phenixthemes.com/frontdemo/animtora/anime-stream.html]
[phenixthemes.com/frontdemo/animtora/account-recovery.html]
[phenixthemes.com/frontdemo/animtora/login.html]
[phenixthemes.com/frontdemo/animtora/register.html]
[phenixthemes.com/frontdemo/animtora/index-2.html]
[phenixthemes.com/frontdemo/animtora/anime-list.html]
[phenixthemes.com/frontdemo/animtora/manga-list.html]
[phenixthemes.com/frontdemo/animtora/anime-ova.html]
[phenixthemes.com/frontdemo/animtora/anime-movies.html]
[phenixthemes.com/frontdemo/animtora/topics.html]
[phenixthemes.com/frontdemo/animtora/img/active-forum.png]
[phenixthemes.com/frontdemo/animtora/topic-details.html]
[phenixthemes.com/frontdemo/animtora/img/unactive-forum.png]
[phenixthemes.com/frontdemo/animtora/forums.html]
[phenixthemes.com/frontdemo/animtora/blog.html]
[phenixthemes.com/frontdemo/animtora/contact-us.html]
[phenixthemes.com/frontdemo/animtora/anime-details.html]
[phenixthemes.com/frontdemo/animtora/img/manga-3.png]
[phenixthemes.com/frontdemo/animtora/img/manga-1.png]
[phenixthemes.com/frontdemo/animtora/manga-read.html]
[phenixthemes.com/frontdemo/animtora/manga-details.html]
[phenixthemes.com/frontdemo/animtora/img/blog-cover.png]
[phenixthemes.com/frontdemo/animtora/blog-details.html]
[phenixthemes.com/frontdemo/animtora/manga-stream.html]
[phenixthemes.com/frontdemo/animtora/img/video.html]
[phenixthemes.com/frontdemo/animtora/account-recovery.html]
[phenixthemes.com/frontdemo/animtora/profile.html]
[phenixthemes.com/frontdemo/animtora/topics.html]
[phenixthemes.com/frontdemo/animtora/topic-details.html]
[phenixthemes.com/frontdemo/animtora/profile.html]
